\BOOKMARK [0][-]{chapter*.1}{\376\377\000A\000c\000k\000n\000o\000w\000l\000e\000d\000g\000m\000e\000n\000t\000s}{}% 1
\BOOKMARK [0][-]{chapter.1}{\376\377\000I\000n\000t\000r\000o\000d\000u\000c\000t\000i\000o\000n}{}% 2
\BOOKMARK [1][-]{section.1.1}{\376\377\000T\000o\000u\000r\000i\000s\000m\000\040\000C\000o\000n\000t\000e\000x\000t}{chapter.1}% 3
\BOOKMARK [1][-]{section.1.2}{\376\377\000P\000r\000e\000v\000i\000o\000u\000s\000\040\000W\000o\000r\000k}{chapter.1}% 4
\BOOKMARK [0][-]{chapter.2}{\376\377\000L\000i\000t\000e\000r\000a\000t\000u\000r\000e\000\040\000R\000e\000v\000i\000e\000w}{}% 5
\BOOKMARK [1][-]{section.2.1}{\376\377\000Q\000u\000a\000l\000i\000t\000a\000t\000i\000v\000e\000\040\000A\000p\000p\000r\000o\000a\000c\000h}{chapter.2}% 6
\BOOKMARK [2][-]{subsection.2.1.1}{\376\377\000A\000d\000v\000a\000n\000t\000a\000g\000e\000s\000\040\000o\000f\000\040\000t\000h\000e\000\040\000Q\000u\000a\000l\000i\000t\000a\000t\000i\000v\000e\000\040\000A\000p\000p\000r\000o\000a\000c\000h}{section.2.1}% 7
\BOOKMARK [2][-]{subsection.2.1.2}{\376\377\000D\000i\000s\000a\000d\000v\000a\000n\000t\000a\000g\000e\000s\000\040\000o\000f\000\040\000t\000h\000e\000\040\000Q\000u\000a\000l\000i\000t\000a\000t\000i\000v\000e\000\040\000A\000p\000p\000r\000o\000a\000c\000h}{section.2.1}% 8
\BOOKMARK [1][-]{section.2.2}{\376\377\000Q\000u\000a\000n\000t\000i\000t\000a\000t\000i\000v\000e\000\040\000A\000p\000p\000r\000o\000a\000c\000h}{chapter.2}% 9
\BOOKMARK [2][-]{subsection.2.2.1}{\376\377\000A\000d\000v\000a\000n\000t\000a\000g\000e\000s\000\040\000o\000f\000\040\000t\000h\000e\000\040\000Q\000u\000a\000n\000t\000i\000t\000a\000t\000i\000v\000e\000\040\000A\000p\000p\000r\000o\000a\000c\000h}{section.2.2}% 10
\BOOKMARK [2][-]{subsection.2.2.2}{\376\377\000D\000i\000s\000a\000d\000v\000a\000n\000t\000a\000g\000e\000s\000\040\000o\000f\000\040\000t\000h\000e\000\040\000Q\000u\000a\000n\000i\000t\000a\000t\000i\000v\000e\000\040\000A\000p\000p\000r\000o\000a\000c\000h}{section.2.2}% 11
\BOOKMARK [1][-]{section.2.3}{\376\377\000M\000o\000d\000e\000l\000\040\000o\000f\000\040\000D\000e\000s\000t\000i\000n\000a\000t\000i\000o\000n\000\040\000I\000m\000a\000g\000e\000\040\000F\000o\000r\000m\000a\000t\000i\000o\000n}{chapter.2}% 12
\BOOKMARK [1][-]{section.2.4}{\376\377\000S\000e\000g\000m\000e\000n\000t\000a\000t\000i\000o\000n\000\040\000a\000n\000d\000\040\000R\000e\000s\000p\000o\000n\000s\000e\000-\000S\000t\000y\000l\000e\000\040\000E\000f\000f\000e\000c\000t\000s}{chapter.2}% 13
\BOOKMARK [1][-]{section.2.5}{\376\377\000R\000e\000p\000r\000e\000s\000e\000n\000t\000i\000n\000g\000\040\000T\000o\000u\000r\000i\000s\000t\000s\040\031\000\040\000H\000e\000t\000e\000r\000o\000g\000e\000n\000e\000o\000u\000s\000\040\000D\000e\000s\000t\000i\000n\000a\000t\000i\000o\000n\000\040\000a\000n\000d\000\040\000T\000r\000a\000v\000e\000l\000\040\000P\000a\000r\000t\000y\000\040\000C\000h\000o\000i\000c\000e\000s}{chapter.2}% 14
\BOOKMARK [1][-]{section.2.6}{\376\377\000D\000i\000s\000c\000r\000e\000t\000e\000\040\000C\000h\000o\000i\000c\000e\000\040\000E\000x\000p\000e\000r\000i\000m\000e\000n\000t\000s\000\040\000i\000n\000\040\000T\000o\000u\000r\000i\000s\000m}{chapter.2}% 15
\BOOKMARK [1][-]{section.2.7}{\376\377\000C\000o\000n\000j\000o\000i\000n\000t\000\040\000A\000n\000a\000l\000y\000s\000i\000s\000\040\000i\000n\000\040\000T\000o\000u\000r\000i\000s\000m}{chapter.2}% 16
\BOOKMARK [1][-]{section.2.8}{\376\377\000H\000y\000p\000o\000t\000h\000e\000t\000i\000c\000a\000l\000\040\000B\000i\000a\000s}{chapter.2}% 17
\BOOKMARK [1][-]{section.2.9}{\376\377\000A\000\040\000T\000e\000x\000t\000\040\000M\000i\000n\000i\000n\000g\000\040\000B\000a\000s\000e\000d\000\040\000A\000p\000p\000r\000o\000a\000c\000h\000\040\000f\000o\000r\000\040\000M\000i\000n\000i\000n\000g\000\040\000C\000u\000s\000t\000o\000m\000e\000r\000\040\000A\000t\000t\000r\000i\000b\000u\000t\000e\000\040\000D\000a\000t\000a\000\040\000o\000n\000\040\000U\000n\000d\000e\000f\000i\000n\000e\000d\000\040\000Q\000u\000a\000l\000i\000t\000y\000\040\000P\000r\000o\000b\000l\000e\000m\000s}{chapter.2}% 18
\BOOKMARK [1][-]{section.2.10}{\376\377\000T\000e\000x\000t\000\040\000M\000i\000n\000i\000n\000g\000\040\000f\000o\000r\000\040\000P\000r\000o\000d\000u\000c\000t\000\040\000A\000t\000t\000r\000i\000b\000u\000t\000e\000\040\000E\000x\000t\000r\000a\000c\000t\000i\000o\000n}{chapter.2}% 19
\BOOKMARK [1][-]{section.2.11}{\376\377\000D\000a\000t\000a\000\040\000M\000i\000n\000i\000n\000g\000\040\000o\000n\000\040\000C\000u\000s\000t\000o\000m\000e\000r\000\040\000S\000e\000g\000m\000e\000n\000t\000a\000t\000i\000o\000n\000:\000\040\000A\000\040\000R\000e\000v\000i\000e\000w}{chapter.2}% 20
\BOOKMARK [1][-]{section.2.12}{\376\377\000U\000n\000l\000o\000c\000k\000i\000n\000g\000\040\000i\000n\000s\000i\000g\000h\000t\000s\000:\000\040\000i\000n\000t\000e\000g\000r\000a\000t\000e\000d\000\040\000t\000e\000x\000t\000\040\000m\000i\000n\000i\000n\000g\000\040\000a\000n\000d\000\040\000i\000n\000t\000e\000r\000p\000r\000e\000t\000i\000v\000e\000\040\000s\000t\000r\000u\000c\000t\000u\000r\000a\000l\000\040\000m\000o\000d\000e\000l\000i\000n\000g\000\040\000f\000o\000r\000\040\000e\000n\000h\000a\000n\000c\000e\000d\000\040\000u\000s\000e\000r\000\040\000r\000e\000v\000i\000e\000w\000\040\000a\000n\000a\000l\000y\000s\000i\000s}{chapter.2}% 21
\BOOKMARK [0][-]{chapter.3}{\376\377\000M\000e\000t\000h\000o\000d\000o\000l\000o\000g\000y\000\040\000a\000n\000d\000\040\000R\000e\000s\000u\000l\000t\000s}{}% 22
\BOOKMARK [1][-]{section.3.1}{\376\377\000Q\000u\000a\000l\000i\000t\000a\000t\000i\000v\000e\000\040\000I\000n\000t\000e\000r\000v\000i\000e\000w\000s}{chapter.3}% 23
\BOOKMARK [2][-]{subsection.3.1.1}{\376\377\000M\000e\000t\000h\000o\000d\000o\000l\000o\000g\000y}{section.3.1}% 24
\BOOKMARK [2][-]{subsection.3.1.2}{\376\377\000R\000e\000s\000u\000l\000t\000s}{section.3.1}% 25
\BOOKMARK [1][-]{section.3.2}{\376\377\000T\000e\000x\000t\000\040\000M\000i\000n\000i\000n\000g\000\040\000o\000f\000\040\000O\000n\000l\000i\000n\000e\000\040\000A\000c\000c\000o\000m\000m\000o\000d\000a\000t\000i\000o\000n\000\040\000R\000e\000v\000i\000e\000w\000s}{chapter.3}% 26
\BOOKMARK [2][-]{subsection.3.2.1}{\376\377\000M\000e\000t\000h\000o\000d\000o\000l\000o\000g\000y}{section.3.2}% 27
\BOOKMARK [2][-]{subsection.3.2.2}{\376\377\000R\000e\000s\000u\000l\000t\000s}{section.3.2}% 28
\BOOKMARK [1][-]{section.3.3}{\376\377\000E\000x\000p\000l\000a\000n\000a\000t\000o\000r\000y\000\040\000S\000u\000r\000v\000e\000y}{chapter.3}% 29
\BOOKMARK [2][-]{subsection.3.3.1}{\376\377\000M\000e\000t\000h\000o\000d\000o\000l\000o\000g\000y}{section.3.3}% 30
\BOOKMARK [2][-]{subsection.3.3.2}{\376\377\000R\000e\000s\000u\000l\000t\000s}{section.3.3}% 31
\BOOKMARK [1][-]{section.3.4}{\376\377\000R\000e\000f\000i\000n\000e\000d\000\040\000F\000i\000n\000a\000l\000\040\000A\000t\000t\000r\000i\000b\000u\000t\000e\000s}{chapter.3}% 32
\BOOKMARK [1][-]{section.3.5}{\376\377\000Q\000u\000a\000n\000t\000i\000t\000a\000t\000i\000v\000e\000\040\000S\000u\000r\000v\000e\000y}{chapter.3}% 33
\BOOKMARK [2][-]{subsection.3.5.1}{\376\377\000M\000e\000t\000h\000o\000d\000o\000l\000o\000g\000y}{section.3.5}% 34
\BOOKMARK [2][-]{subsection.3.5.2}{\376\377\000R\000e\000s\000u\000l\000t\000s}{section.3.5}% 35
\BOOKMARK [0][-]{chapter.4}{\376\377\000D\000i\000s\000c\000u\000s\000s\000i\000o\000n}{}% 36
\BOOKMARK [1][-]{section.4.1}{\376\377\000C\000o\000m\000p\000a\000r\000i\000s\000o\000n\000\040\000t\000o\000\040\000P\000r\000e\000v\000i\000o\000u\000s\000\040\000W\000o\000r\000k}{chapter.4}% 37
\BOOKMARK [1][-]{section.4.2}{\376\377\000C\000o\000m\000p\000a\000r\000i\000s\000o\000n\000\040\000t\000o\000\040\000L\000i\000t\000e\000r\000a\000t\000u\000r\000e}{chapter.4}% 38
\BOOKMARK [2][-]{subsection.4.2.1}{\376\377\000Q\000u\000a\000l\000i\000t\000a\000t\000i\000v\000e\000\040\000a\000n\000d\000\040\000Q\000u\000a\000n\000t\000i\000t\000a\000t\000i\000v\000e\000\040\000M\000e\000t\000h\000o\000d\000s}{section.4.2}% 39
\BOOKMARK [2][-]{subsection.4.2.2}{\376\377\000D\000e\000s\000t\000i\000n\000a\000t\000i\000o\000n\000\040\000I\000m\000a\000g\000e\000\040\000F\000o\000r\000m\000a\000t\000i\000o\000n}{section.4.2}% 40
\BOOKMARK [2][-]{subsection.4.2.3}{\376\377\000S\000e\000g\000m\000e\000n\000t\000a\000t\000i\000o\000n}{section.4.2}% 41
\BOOKMARK [2][-]{subsection.4.2.4}{\376\377\000D\000i\000s\000c\000r\000e\000t\000e\000\040\000C\000h\000o\000i\000c\000e\000\040\000a\000n\000d\000\040\000C\000o\000n\000j\000o\000i\000n\000t\000\040\000A\000n\000a\000l\000y\000s\000i\000s}{section.4.2}% 42
\BOOKMARK [2][-]{subsection.4.2.5}{\376\377\000H\000y\000p\000o\000t\000h\000e\000t\000i\000c\000a\000l\000\040\000B\000i\000a\000s}{section.4.2}% 43
\BOOKMARK [2][-]{subsection.4.2.6}{\376\377\000T\000e\000x\000t\000\040\000M\000i\000n\000i\000n\000g}{section.4.2}% 44
\BOOKMARK [1][-]{section.4.3}{\376\377\000M\000e\000t\000h\000o\000d\000o\000l\000o\000g\000i\000c\000a\000l\000\040\000I\000m\000p\000l\000i\000c\000a\000t\000i\000o\000n\000s}{chapter.4}% 45
\BOOKMARK [1][-]{section.4.4}{\376\377\000L\000i\000m\000i\000t\000a\000t\000i\000o\000n\000s}{chapter.4}% 46
\BOOKMARK [1][-]{section.4.5}{\376\377\000F\000u\000t\000u\000r\000e\000\040\000D\000i\000r\000e\000c\000t\000i\000o\000n\000s}{chapter.4}% 47
\BOOKMARK [0][-]{chapter.5}{\376\377\000C\000o\000n\000c\000l\000u\000s\000i\000o\000n}{}% 48
\BOOKMARK [0][-]{chapter*.71}{\376\377\000A\000p\000p\000e\000n\000d\000i\000x}{}% 49
\BOOKMARK [1][-]{appendixsection.1}{\376\377\000A\000.\000\040\000E\000x\000a\000m\000p\000l\000e\000\040\000o\000f\000\040\000Q\000u\000a\000l\000i\000t\000a\000t\000i\000v\000e\000\040\000I\000n\000t\000e\000r\000v\000i\000e\000w\000\040\000f\000r\000o\000m\000\040\000P\000r\000e\000v\000i\000o\000u\000s\000\040\000P\000r\000o\000j\000e\000c\000t}{chapter*.71}% 50
\BOOKMARK [1][-]{appendixsection.2}{\376\377\000B\000.\000\040\000E\000x\000a\000m\000p\000l\000e\000\040\000o\000f\000\040\000Q\000u\000a\000l\000i\000t\000a\000t\000i\000v\000e\000\040\000I\000n\000t\000e\000r\000v\000i\000e\000w\000\040\000f\000r\000o\000m\000\040\000A\000c\000t\000u\000a\000l\000\040\000T\000h\000e\000s\000i\000s}{chapter*.71}% 51
\BOOKMARK [1][-]{appendixsection.3}{\376\377\000C\000.\000\040\000Q\000u\000a\000l\000i\000t\000a\000t\000i\000v\000e\000\040\000I\000n\000t\000e\000r\000v\000i\000e\000w\000\040\000N\000o\000t\000e\000s}{chapter*.71}% 52
\BOOKMARK [1][-]{appendixsection.4}{\376\377\000D\000.\000\040\000P\000s\000e\000u\000d\000o\000c\000o\000d\000e\000s\000\040\000f\000o\000r\000\040\000T\000e\000x\000t\000\040\000M\000i\000n\000i\000n\000g}{chapter*.71}% 53
\BOOKMARK [1][-]{appendixsection.5}{\376\377\000E\000.\000\040\000P\000r\000o\000m\000p\000t\000s\000\040\000f\000o\000r\000\040\000C\000h\000a\000t\000G\000P\000T}{chapter*.71}% 54
\BOOKMARK [1][-]{appendixsection.6}{\376\377\000F\000.\000\040\000M\000a\000n\000u\000a\000l\000\040\000A\000t\000t\000r\000i\000b\000u\000t\000e\000\040\000I\000d\000e\000n\000t\000i\000f\000i\000c\000a\000t\000i\000o\000n}{chapter*.71}% 55
\BOOKMARK [1][-]{appendixsection.7}{\376\377\000G\000.\000\040\000C\000h\000a\000t\000G\000P\000T\000\040\000A\000t\000t\000r\000i\000b\000u\000t\000e\000s}{chapter*.71}% 56
\BOOKMARK [1][-]{appendixsection.8}{\376\377\000H\000.\000\040\000A\000i\000r\000b\000n\000b\000\040\000T\000o\000p\000\040\000W\000o\000r\000d\000s}{chapter*.71}% 57
\BOOKMARK [1][-]{appendixsection.9}{\376\377\000I\000.\000\040\000B\000o\000o\000k\000i\000n\000g\000.\000c\000o\000m\000\040\000T\000o\000p\000\040\000W\000o\000r\000d\000s}{chapter*.71}% 58
\BOOKMARK [1][-]{appendixsection.10}{\376\377\000J\000.\000\040\000E\000x\000p\000l\000a\000n\000a\000t\000o\000r\000y\000\040\000S\000u\000r\000v\000e\000y}{chapter*.71}% 59
\BOOKMARK [1][-]{appendixsection.11}{\376\377\000K\000.\000\040\000P\000s\000e\000u\000d\000o\000c\000o\000d\000e\000s\000\040\000f\000o\000r\000\040\000V\000a\000n\000\040\000W\000e\000s\000t\000e\000n\000d\000o\000r\000p\000\040\000M\000o\000d\000e\000l}{chapter*.71}% 60
\BOOKMARK [1][-]{appendixsection.12}{\376\377\000L\000.\000\040\000E\000x\000p\000l\000a\000n\000a\000t\000o\000r\000y\000\040\000S\000u\000r\000v\000e\000y\000\040\000R\000e\000s\000u\000l\000t\000s}{chapter*.71}% 61
\BOOKMARK [1][-]{appendixsection.13}{\376\377\000M\000.\000\040\000V\000a\000n\000\040\000W\000e\000s\000t\000e\000n\000d\000o\000r\000p\000\040\000R\000e\000s\000u\000l\000t\000s\000\040\000b\000y\000\040\000A\000g\000e\000\040\000G\000r\000o\000u\000p}{chapter*.71}% 62
\BOOKMARK [1][-]{appendixsection.14}{\376\377\000N\000.\000\040\000Q\000u\000a\000n\000t\000i\000t\000a\000t\000i\000v\000e\000\040\000S\000u\000r\000v\000e\000y}{chapter*.71}% 63
\BOOKMARK [1][-]{appendixsection.15}{\376\377\000O\000.\000\040\000D\000i\000s\000t\000r\000i\000b\000u\000t\000i\000o\000n\000\040\000o\000f\000\040\000L\000i\000k\000e\000r\000t\000-\000S\000c\000a\000l\000e\000\040\000R\000e\000s\000p\000o\000n\000s\000e\000s}{chapter*.71}% 64
\BOOKMARK [1][-]{appendixsection.16}{\376\377\000P\000.\000\040\000P\000s\000e\000u\000d\000o\000c\000o\000d\000e\000\040\000f\000o\000r\000\040\000S\000p\000e\000a\000r\000m\000a\000n\000\040\000C\000o\000r\000r\000e\000l\000a\000t\000i\000o\000n}{chapter*.71}% 65
\BOOKMARK [1][-]{appendixsection.17}{\376\377\000Q\000.\000\040\000P\000s\000e\000u\000d\000o\000c\000o\000d\000e\000\040\000f\000o\000r\000\040\000E\000l\000b\000o\000w\000\040\000M\000e\000t\000h\000o\000d}{chapter*.71}% 66
\BOOKMARK [1][-]{appendixsection.18}{\376\377\000R\000.\000\040\000P\000s\000e\000u\000d\000o\000c\000o\000d\000e\000\040\000f\000o\000r\000\040\000S\000i\000l\000h\000o\000u\000e\000t\000t\000e\000\040\000S\000c\000o\000r\000e}{chapter*.71}% 67
\BOOKMARK [1][-]{appendixsection.19}{\376\377\000S\000.\000\040\000P\000s\000e\000u\000d\000o\000c\000o\000d\000e\000\040\000f\000o\000r\000\040\000D\000a\000v\000i\000e\000s\000\040\000B\000o\000u\000l\000d\000i\000n\000\040\000I\000n\000d\000e\000x}{chapter*.71}% 68
\BOOKMARK [1][-]{appendixsection.20}{\376\377\000T\000.\000\040\000B\000i\000p\000l\000o\000t\000\040\000w\000i\000t\000h\000\040\000F\000i\000r\000s\000t\000\040\0002\000\040\000C\000o\000m\000p\000o\000n\000e\000n\000t\000s}{chapter*.71}% 69
\BOOKMARK [1][-]{appendixsection.21}{\376\377\000U\000.\000\040\000R\000a\000n\000d\000o\000m\000\040\000F\000o\000r\000e\000s\000t\000\040\000P\000l\000o\000t}{chapter*.71}% 70
\BOOKMARK [1][-]{appendixsection.22}{\376\377\000V\000.\000\040\000C\000o\000r\000r\000e\000l\000a\000t\000i\000o\000n\000\040\000H\000e\000a\000t\000m\000a\000p}{chapter*.71}% 71
\BOOKMARK [1][-]{appendixsection.23}{\376\377\000W\000.\000\040\000V\000a\000r\000i\000a\000n\000c\000e\000\040\000I\000n\000f\000l\000a\000t\000i\000o\000n\000\040\000F\000a\000c\000t\000o\000r\000\040\000\050\000V\000I\000F\000\051}{chapter*.71}% 72
\BOOKMARK [1][-]{appendixsection.24}{\376\377\000X\000.\000\040\000I\000n\000i\000t\000i\000a\000l\000\040\000P\000r\000e\000d\000i\000c\000t\000i\000v\000e\000\040\000M\000o\000d\000e\000l}{chapter*.71}% 73
\BOOKMARK [1][-]{appendixsection.25}{\376\377\000Y\000.\000\040\000F\000i\000n\000a\000l\000\040\000M\000o\000d\000e\000l\000\040\000T\000a\000b\000l\000e}{chapter*.71}% 74
\BOOKMARK [1][-]{appendixsection.26}{\376\377\000Z\000.\000\040\000S\000o\000c\000i\000o\000-\000D\000e\000m\000o\000g\000r\000a\000p\000h\000i\000c\000\040\000C\000o\000m\000p\000o\000s\000i\000t\000i\000o\000n\000\040\000b\000y\000\040\000C\000l\000u\000s\000t\000e\000r}{chapter*.71}% 75
\BOOKMARK [1][-]{appendixsection.27}{\376\377\000A\000A\000.\000\040\000T\000o\000p\000\040\000a\000n\000d\000\040\000B\000o\000t\000t\000o\000m\000\040\000A\000t\000t\000r\000i\000b\000u\000t\000e\000s\000\040\000b\000y\000\040\000C\000l\000u\000s\000t\000e\000r}{chapter*.71}% 76
\BOOKMARK [1][-]{appendixsection.28}{\376\377\000A\000B\000.\000\040\000W\000i\000l\000l\000i\000n\000g\000n\000e\000s\000s\000\040\000t\000o\000\040\000V\000i\000s\000i\000t\000\040\000L\000e\000s\000s\000-\000K\000n\000o\000w\000n\000\040\000D\000e\000s\000t\000i\000n\000a\000t\000i\000o\000n\000s\000\040\000a\000n\000d\000\040\000E\000x\000t\000r\000a\000\040\000T\000r\000a\000v\000e\000l\000\040\000T\000i\000m\000e}{chapter*.71}% 77
\BOOKMARK [1][-]{appendixsection.29}{\376\377\000A\000C\000.\000\040\000A\000r\000c\000h\000i\000t\000e\000c\000t\000u\000r\000a\000l\000\040\000I\000n\000t\000e\000r\000e\000s\000t\000\040\000b\000y\000\040\000C\000l\000u\000s\000t\000e\000r}{chapter*.71}% 78
